int fun: c (params: int x)
  ret 0
int array: a (size: 5)
int var: d = c[1 params] 6
= [index] a 3 c[1 params] 5

