int var: i
for: = i 0, < i 2, = i + i 2
do:
  if: true
  then:
    float var: f = 0.0
  int fun: a (params: int x)
    ret x

