int array fun: test1 (params: )
  int array: b (size: 3)
  ret b
int fun: test2 (params: int [index] p 5)
  ret + [index] p 0 3
int array: a (size: 5)
= a test1[0 params]

