int fun: c (params: int ref s)
  ret 3
int fun: d (params: int y)
  ret 4
int array: a (size: 10)
int var: i = 0
int ref var: [ref] mypointer = 0, aa
= aa [ref] mypointer
int var: w
int ref ref ref var: b
= w d[1 params] [ref] b
= w c[1 params] b

