bool var: b, a (size: 2, 5)
int ref array: c (size: 2, 3), d (size: 10), e
int var: i
for: = i 0, < i 5, = i + i 1
do:
  = [index][index] a i 0 true
  = [index][index] a i 1 true
  = [index][index] c 2 3 [ref] [index] d 2
  = [index][index] c e e [index] d e
  = [index][index] c e e [index] d e
  = [index][index] c e e [addr] [index][index] c e e
= b & [index][index] a 0 0 [index][index] a 1 1

