float:float hash: a
int:float hash: b
bool:int hash: c
= [key] c false 1
$ R: c(false) = 1
= [key] a 10.0 1.001
$ R: 1.901
= [key] b 33 + * [float] 22 [key] a 10.0 [float] 8
$ R: 27.8
$ R: 228
$ R: 32.2
= [key] a [float] 10 [float] 2
int var: i = 5
$ R: 28.9

