int var: a = 3
int:int fun: f1 (params: int:int b)
  int var: i, j = 0
  for: = i 0, < i 10, = i + i 1
  do:
    = [key] b i * i 111
  = a + a a
$ R: a = 6
$ R: 0
$ R: 111
$ R: 222
$ R: 333
$ R: 444
$ R: 555
$ R: 666
$ R: 777
$ R: 888
$ R: 999
  ret b
int:int hash: b
int:int hash: c
= [key] b 1 9
= c b
$ R: c(1) = 9
int:int hash: demo
= demo b
$ R: demo(6) = 666

