int array: a (size: 10)
int var: i = 0
int ref var: mypointer = 0, aa

