int var: i, j = 2
int ref var: ip, jp
= ip [addr] i
= jp [addr] j
= ip [ref] jp

