int var: a = 9, b = 3, c
int var: d, e = a
$ R: 21
$ R: 21
bool var: f, g = true, h
$ R: f = ?
$ R: false
= h | & g g [bool] c
$ R: h = ?

