int var: a = 0, b
if: < a 0
then:
  = b -u 1
else:
  = b 1
$ R: -2

