int var: a = 0
int fun: somatorio (params: int p)
  int var: r = 1
  = a + a 1
  if: > p 1
  then:
    = r + p somatorio[1 params] - p 1
  ret r
$ R: 9
$ R: a = 5

