int fun: f1 (params: int p, int r, int q)
  int var: k = + 1000 p
  ret + + k r q
int var: a = 4
= a f1[3 params] 1000 1000 1000
$ R: a = 4000

