int var: a, b, c
= a 4
= b 2
= c 1
if: > a 0
then:
$ R: a = 4
else:
  = b 20
$ R: b = ?
if: & < a 0 > c 0
then:
  = b 20
$ R: a = ?
else:
$ R: b = 2

