int fun: fatorial (params: int p)
  int var: r = 1
  if: > p 1
  then:
    = r * fatorial[1 params] - p 1 p
  ret r
$ R: 5040
$ R: 720
$ R: 120

