int var: count = 0
int fun: sum (params: int:int vector, int tamanho)
  int var: r = 1
  = count + count 1
  if: > tamanho 0
  then:
    = r + [key] vector - tamanho 1 sum[2 params] vector - tamanho 1
  else:
    = r 0
  ret r
int array: a (size: 10)
int array: b (size: 10)
int var: i
for: = i 0, < i 10, = i + i 1
do:
  = [index] a i i
  = [index] b i * i i
$ R: 0
$ R: 0
$ R: count = 22

