int var: a
= a + ? & < 32 3 < -u 3 33:  3 + 9 0 9

