bool var: a
bool ref var: ty
= a & ? & < 3 3 ? & < 32 3 < -u 3 33:  false true:  true | false true [ref] ty

