int var: c = 2
switch: c
  case: 2
  then:
    = c 9
  default: 
  then:
    int var: b = 9
end switch 

