int var: a
int fun: thisIsFun (params: int n)
  int var: i = 0
  switch: i
    case: 1
    then:
      = n + n 1
    case: 2
    then:
      = n + n 2
    case: 3
    then:
      = n + n 3
    default: 
    then:
      = n * n n
  end switch 
  ret n
= a thisIsFun[1 params] 2

