int fun: f1 (params: int p, int r, int q)
  int var: k = + 1000 p
  ret + + k r q
int array: a (size: 10)
= [index] a 9 f1[3 params] 1000 1000 1000
$ R: a(9) = 4000

