int array: a (size: 11), b (size: 22, 22)
= [index] a 10 1
= [index][index] b 21 21 + * 22 [index] a 10 8
$ R: 1
= [index] a 10 2
int var: i = 5
$ R: 32

