int fun: f1 (params: int array [index] b 10)
  ret [index] b 7
int array: a (size: 10)
= [index] a 0 0
= [index] a 1 10
= [index] a 2 20
= [index] a 3 30
= [index] a 4 40
= [index] a 5 50
= [index] a 6 60
= [index] a 7 70
= [index] a 8 80
= [index] a 9 90
$ R: 70

