int var: c = 2
switch: c
  case: 2
  then:
    = c 9
  default: 
  then:
    = c 229
end switch 
$ R: c = 9

