operation attribution expected float but received integer
