int fun: teste (params: int x)
  ret 0
int var: b = teste[1 params] 0

