bool:int hash: s
= [key] s true + 9 [key] s false

