bool var: a = true
for: , true, 
do:
for: = a false, true, 
do:
for: , true, = a false
do:
for: = a false, true, = a false
do:
for: , true, 
do:
  = a true
for: = a false, true, 
do:
  = a true
for: , true, = a false
do:
  = a true
for: = a false, true, = a false
do:
  = a true

